5225MY BEST COMP.   INCLUDES OVERTIME   141987123 PPDPAYROLL   151001151007   11099912 3400001
