6220310000531234567890       0000010000               WAGNER, MATT            0000310000500001
