82200000020006200010000000000000000000025000141987123                          1099912 3400001
