9000001000001000000020006200010000000000000000000025000                                       
